[0/2] Re-checking globbed directories...
[1/5] Building CXX object CMakeFiles/Runa2Engine.dir/src/Graphics/Camera.cpp.obj
[2/5] Building CXX object CMakeFiles/Runa2Engine.dir/src/ECS/Systems.cpp.obj
[3/5] Linking CXX shared library libRuna2Engine.dll
[4/5] Linking CXX executable Runa2.exe; Copying Runa2Engine.dll; Copying SDL3.dll; Copying SDL3_image.dll; Copying SDL3_ttf.dll; Copying spdlog DLL
