[info] SDL3 initialized successfully
[info] SDL3_ttf initialized successfully
[info] Window created: Runa2 - ECS Demo (1280x720)
[Mon Jan 5 12:42:55 2026] [info]    Vulkan Enabled Instance Extensions: 
[Mon Jan 5 12:42:55 2026] [info]     - VK_KHR_get_physical_device_properties2
[Mon Jan 5 12:42:55 2026] [info]     - VK_KHR_surface
[Mon Jan 5 12:42:55 2026] [info]     - VK_KHR_win32_surface
[Mon Jan 5 12:42:55 2026] [info]    
[Mon Jan 5 12:42:55 2026] [info]    Vulkan Enabled Instance Layers: 
[Mon Jan 5 12:42:55 2026] [info]    
[Mon Jan 5 12:42:55 2026] [info]    Found discrete device NVIDIA GeForce RTX 3070 Ti [Vulkan 1.4.325]
[Mon Jan 5 12:42:55 2026] [info]    Creating queues...
[Mon Jan 5 12:42:55 2026] [info]    Creating worker thread...
[Mon Jan 5 12:42:55 2026] [info]    ------START------
[Mon Jan 5 12:42:55 2026] [info]    Windows, SDL 3.5.0 | Host: 16 logical cores, 31.93gb RAM | Device: NVIDIA GeForce RTX 3070 Ti, Vulkan 1.4.325, Vulkan2D 0.8.0
[Mon Jan 5 12:42:55 2026] [info]    Swapchain (3 images) initialized...
[Mon Jan 5 12:42:55 2026] [info]    MSAA disabled...
[Mon Jan 5 12:42:55 2026] [info]    Depth buffer initialized...
[Mon Jan 5 12:42:55 2026] [info]    Render pass initialized...
[Mon Jan 5 12:42:55 2026] [info]    Descriptor set layout initialized...
[Mon Jan 5 12:42:55 2026] [info]    Pipelines initialized...
[Mon Jan 5 12:42:55 2026] [info]    Framebuffer[0] ready...
[Mon Jan 5 12:42:55 2026] [info]    Framebuffer[1] ready...
[Mon Jan 5 12:42:55 2026] [info]    Framebuffer[2] ready...
[Mon Jan 5 12:42:55 2026] [info]    Framebuffers initialized...
[Mon Jan 5 12:42:55 2026] [info]    Descriptor controllers initialized...
[Mon Jan 5 12:42:55 2026] [info]    Descriptor buffers created...
[Mon Jan 5 12:42:55 2026] [info]    UBO initialized...
[Mon Jan 5 12:42:55 2026] [info]    Created texture sampler...
[Mon Jan 5 12:42:55 2026] [info]    Created unit polygons...
[Mon Jan 5 12:42:55 2026] [info]    Synchronization initialized...
[Mon Jan 5 12:42:55 2026] [info]    Nuklear not enabled...
[info] Renderer initialized with Vulkan2D backend
[info] Vulkan2D Config - MSAA: OFF, ScreenMode: VSYNC, Filter: NEAREST
[info] Input system initialized
[info] === Runa2 ECS Demo ===
[info] SpriteBatch created (using Vulkan2D internal batching)
[info] Texture loaded: Resources/SpiteSheets/decor-grass.png (64x80)
[info] Texture loaded: Resources/SpiteSheets/dirt-grass.png (64x64)
[info] Textures loaded: grass (64x80), dirt (64x64)
[info] Player entity created at (640, 360)
[info] === Controls ===
[info]   Arrow Keys / WASD - Move Player
[info]   ESC - Quit
[info] onInit() completed successfully
[info] Starting main loop...
[warning] Per-sprite color tinting not yet implemented with Vulkan2D
[debug] FPS: 0
[debug] FPS: 61
[debug] FPS: 61
[debug] FPS: 60
[debug] FPS: 60
[debug] FPS: 60
[debug] FPS: 60
[debug] FPS: 60
[debug] FPS: 60
[debug] FPS: 60
[debug] FPS: 60
